eeschema (2012-01-19 BZR 3256)-stable  >> Creation date: lun 27 may 2013 18:23:20 ART

#Componentes ( orden = Referencia )
| C1         C           
| C2         C           
| C3         C           
| C4         CP          
| C5         CP          
| D1         LED         
| D2         LED         
| D3         LED         
| D4         LED         
| D5         LED         
| D6         LED         
| D7         LED         
| D8         LED         
| D9         DIODE       
| D10        LED         
| D11        LED         
| D12        LED         
| J1         USB_2       
| K1         SELECTOR_V  
| K2         SERVO_1     
| K3         SERVO_2     
| K4         SERVO_3     
| K5         SERVO_4     
| K6         SERVO_5     
| K7         DC_OUT      
| K8         SEL_L293    
| P1         SALIDA_UNL2803
| P2         VCC         
| P3         GND         
| P4         SENS_ANALOG 
| P5         PORT_D      
| P6         UNL2803     
| P7         PORT_B      
| P8         MOTOR_1     
| P9         MOTOR_2     
| P10        DC_IN       
| P11        sn_d1       
| P12        sn_d2       
| P13        sn_d3       
| P14        sn_d4       
| R1         R           
| R2         R           
| R3         R           
| R4         R           
| R5         R           
| R6         R           
| R7         R           
| R8         R           
| R9         R           
| R10        R           
| R11        R           
| R12        R           
| R13        R           
| R14        R           
| R15        R           
| R16        R           
| SW1        ON/OFF      
| SW2        RESET       
| U1         PIC18F2550  
| U2         PIC18F4550  
| U3         L293D       
| U4         LM7805      
| X1         CRYSTAL     
#Fin Componentes

#Componentes ( orden = Valor )
| C            C1        
| C            C2        
| C            C3        
| CP           C4        
| CP           C5        
| CRYSTAL      X1        
| DC_IN        P10       
| DC_OUT       K7        
| DIODE        D9        
| GND          P3        
| L293D        U3        
| LED          D1        
| LED          D2        
| LED          D3        
| LED          D4        
| LED          D5        
| LED          D6        
| LED          D7        
| LED          D8        
| LED          D10       
| LED          D11       
| LED          D12       
| LM7805       U4        
| MOTOR_1      P8        
| MOTOR_2      P9        
| ON/OFF       SW1       
| PIC18F2550   U1        
| PIC18F4550   U2        
| PORT_B       P7        
| PORT_D       P5        
| R            R1        
| R            R2        
| R            R3        
| R            R4        
| R            R5        
| R            R6        
| R            R7        
| R            R8        
| R            R9        
| R            R10       
| R            R11       
| R            R12       
| R            R13       
| R            R14       
| R            R15       
| R            R16       
| RESET        SW2       
| SALIDA_UNL2803 P1        
| SEL_L293     K8        
| SELECTOR_V   K1        
| SENS_ANALOG  P4        
| SERVO_1      K2        
| SERVO_2      K3        
| SERVO_3      K4        
| SERVO_4      K5        
| SERVO_5      K6        
| sn_d1        P11       
| sn_d2        P12       
| sn_d3        P13       
| sn_d4        P14       
| UNL2803      P6        
| USB_2        J1        
| VCC          P2        
#Fin Componentes

#Fin de Lista
